// Jest Snapshot v1, https://goo.gl/fbAQLP

exports[`Loading component should not show loading if not loading 1`] = `null`;

exports[`Loading component should show loading if loading 1`] = `
<View
  style={
    Array [
      Object {
        "backgroundColor": "#fff",
      },
      Object {
        "alignItems": "center",
        "bottom": 0,
        "justifyContent": "center",
        "left": 0,
        "position": "absolute",
        "right": 0,
        "top": 0,
      },
    ]
  }
>
  <ActivityIndicator
    animating={true}
    color="black"
    hidesWhenStopped={true}
    size="large"
  />
</View>
`;
